// Jest Snapshot v1, https://goo.gl/fbAQLP

exports[`should render NotFound Component 1`] = `
<div>
  404
</div>
`;
